2026-08-26T11:31:52.606043Z [warning  ] Could not import graphviz. Rendering graph to the graphical format will not be possible. 
You might need to install the graphviz package and necessary system packages.
Run `pip install graphviz` to attempt to install it. [py.warnings] category=UserWarning filename=/Users/macbook/dev/career/job-posting-standardization/.venv-airflow/lib/python3.13/site-packages/airflow/cli/commands/dag_command.py lineno=57
2026-08-26T11:31:52.720844Z [info     ] DAG bundles loaded: dags-folder [airflow.dag_processing.bundles.manager.DagBundlesManager] loc=manager.py:304
2026-08-26T11:31:52.722865Z [info     ] Filling up the DagBag from /Users/macbook/dev/career/job-posting-standardization/dags [airflow.dag_processing.dagbag.BundleDagBag] loc=dagbag.py:460
2026-08-26T11:31:52.741765Z [info     ] Bulk-writing dags to db        [airflow.serialization.definitions.dag] count=1 loc=dag.py:210
2026-08-26T11:31:52.750313Z [info     ] get next_dagrun_info_v2        [airflow.serialization.definitions.dag] last_automated_run_info=None loc=dag.py:445 next_info=DagRunInfo(run_after=DateTime(2026, 8, 26, 0, 0, 0, tzinfo=Timezone('UTC')), data_interval=DataInterval(start=DateTime(2026, 8, 26, 0, 0, 0, tzinfo=Timezone('UTC')), end=DateTime(2026, 8, 26, 0, 0, 0, tzinfo=Timezone('UTC'))), partition_date=None, partition_key=None)
2026-08-26T11:31:52.750404Z [info     ] setting next dagrun info       [airflow.models.dag] loc=dag.py:848 next_dagrun='2026-08-26 00:00:00+00:00' next_dagrun_create_after='2026-08-26 00:00:00+00:00' next_dagrun_data_interval_end='2026-08-26 00:00:00+00:00' next_dagrun_data_interval_start='2026-08-26 00:00:00+00:00' next_dagrun_partition_date=None next_dagrun_partition_key=None
2026-08-26T11:31:52.766500Z [info     ] DAG bundles loaded: dags-folder [airflow.dag_processing.bundles.manager.DagBundlesManager] loc=manager.py:304
2026-08-26T11:31:52.767758Z [info     ] Filling up the DagBag from /Users/macbook/dev/career/job-posting-standardization/dags [airflow.dag_processing.dagbag.BundleDagBag] loc=dagbag.py:460
2026-08-26T11:31:52.771605Z [info     ] Bulk-writing dags to db        [airflow.serialization.definitions.dag] count=1 loc=dag.py:210
2026-08-26T11:31:52.774164Z [info     ] get next_dagrun_info_v2        [airflow.serialization.definitions.dag] last_automated_run_info=None loc=dag.py:445 next_info=DagRunInfo(run_after=DateTime(2026, 8, 26, 0, 0, 0, tzinfo=Timezone('UTC')), data_interval=DataInterval(start=DateTime(2026, 8, 26, 0, 0, 0, tzinfo=Timezone('UTC')), end=DateTime(2026, 8, 26, 0, 0, 0, tzinfo=Timezone('UTC'))), partition_date=None, partition_key=None)
2026-08-26T11:31:52.774224Z [info     ] setting next dagrun info       [airflow.models.dag] loc=dag.py:848 next_dagrun='2026-08-26 00:00:00+00:00' next_dagrun_create_after='2026-08-26 00:00:00+00:00' next_dagrun_data_interval_end='2026-08-26 00:00:00+00:00' next_dagrun_data_interval_start='2026-08-26 00:00:00+00:00' next_dagrun_partition_date=None next_dagrun_partition_key=None
2026-08-26T11:31:52.779882Z [info     ] creating dag run               [airflow.serialization.definitions.dag] loc=dag.py:607 logical_date=DateTime(2026, 8, 25, 0, 0, 0, tzinfo=Timezone('UTC')) partition_key=None run_after=DateTime(2026, 8, 26, 11, 31, 52, 766197, tzinfo=Timezone('UTC')) run_id=manual__2026-08-26T11:31:52.766197+00:00
2026-08-26T11:31:52.811090Z [info     ] Created dag run.               [airflow.models.dagrun] dagrun=<DagRun collect_public_postings @ 2026-08-25 00:00:00+00:00: manual__2026-08-26T11:31:52.766197+00:00, state:running, queued_at: None. run_type: manual> loc=dagrun.py:2464
2026-08-26T11:31:52.819514Z [info     ] [DAG TEST] starting task_id=collect map_index=-1 [airflow.sdk.definitions.dag] loc=dag.py:1501
2026-08-26T11:31:52.819678Z [info     ] [DAG TEST] running task <TaskInstance: collect_public_postings.collect manual__2026-08-26T11:31:52.766197+00:00 [TaskInstanceState.SCHEDULED] ti_id=01a03dd7-4354-7fed-bed1-41a39af233b9> [airflow.sdk.definitions.dag] loc=dag.py:1504
2026-08-26T11:31:54.461876Z [info     ] Task started                   [airflow.api_fastapi.execution_api.routes.task_instances] correlation_id=01a03dd7-4515-7447-b3a4-5458f7c17af5 hostname=jeongyun.local loc=task_instances.py:231 previous_state=queued ti_id=01a03dd7-4354-7fed-bed1-41a39af233b9
2026-08-26T11:31:54.463067Z [info     ] Task instance state updated    [airflow.api_fastapi.execution_api.routes.task_instances] correlation_id=01a03dd7-4515-7447-b3a4-5458f7c17af5 loc=task_instances.py:259 rows_affected=1 ti_id=01a03dd7-4354-7fed-bed1-41a39af233b9
2026-08-26T11:31:54.473154Z [info     ] Updating RenderedTaskInstanceFields [airflow.api_fastapi.execution_api.routes.task_instances] correlation_id=01a03dd7-49e6-71ca-9f54-fc0839cdb6fc field_count=3 loc=task_instances.py:1016 ti_id=01a03dd7-4354-7fed-bed1-41a39af233b9
2026-08-26T11:31:54.477371Z [info     ] ::endgroup::                   [task] loc=task_runner.py:2232
wrote 20 records; companies=5; failures=2; run_date=2026-08-25
2026-08-26T11:35:18.759911Z [info     ] Done. Returned value was: 2026-08-25 [airflow.task.operators.airflow.providers.standard.decorators.python._PythonDecoratedOperator] loc=python.py:233
2026-08-26T11:35:18.760016Z [info     ] ::group::Post Execute          [task] loc=task_runner.py:1580
2026-08-26T11:35:18.760092Z [info     ] Pushing xcom                   [task] loc=task_runner.py:2280 ti=RuntimeTaskInstance(id=UUID('01a03dd7-4354-7fed-bed1-41a39af233b9'), task_id='collect', dag_id='collect_public_postings', run_id='manual__2026-08-26T11:31:52.766197+00:00', try_number=1, dag_version_id=UUID('01a03dd7-13d4-706d-8794-5533a0f451a4'), map_index=-1, hostname='jeongyun.local', context_carrier=None, queue='default', task=<Task(_PythonDecoratedOperator): collect>, max_tries=0, start_date=datetime.datetime(2026, 8, 26, 11, 31, 53, 230346, tzinfo=datetime.timezone.utc), end_date=None, state=<TaskInstanceState.RUNNING: 'running'>, is_mapped=False, rendered_map_index=None, sentry_integration='')
2026-08-26T11:35:18.773912Z [info     ] Task instance state updated    [airflow.api_fastapi.execution_api.routes.task_instances] correlation_id=01a03dda-67ee-7491-b213-742801d96d8f loc=task_instances.py:484 new_state=success rows_affected=1 ti_id=01a03dd7-4354-7fed-bed1-41a39af233b9
2026-08-26T11:35:18.775619Z [info     ] ::endgroup::                   [task] loc=task_runner.py:2379
2026-08-26T11:35:18.780734Z [info     ] [DAG TEST] end task task_id=collect map_index=-1 [airflow.sdk.definitions.dag] loc=dag.py:1563
2026-08-26T11:35:18.782581Z [info     ] [DAG TEST] starting task_id=normalize map_index=-1 [airflow.sdk.definitions.dag] loc=dag.py:1501
2026-08-26T11:35:18.782709Z [info     ] [DAG TEST] running task <TaskInstance: collect_public_postings.normalize manual__2026-08-26T11:31:52.766197+00:00 [TaskInstanceState.SCHEDULED] ti_id=01a03dd7-4355-7d18-8875-c2e299db9b5b> [airflow.sdk.definitions.dag] loc=dag.py:1504
2026-08-26T11:35:18.787036Z [info     ] Task started                   [airflow.api_fastapi.execution_api.routes.task_instances] correlation_id=01a03dda-67ff-7a14-9f10-21bd7617fbdf hostname=jeongyun.local loc=task_instances.py:231 previous_state=queued ti_id=01a03dd7-4355-7d18-8875-c2e299db9b5b
2026-08-26T11:35:18.787440Z [info     ] Task instance state updated    [airflow.api_fastapi.execution_api.routes.task_instances] correlation_id=01a03dda-67ff-7a14-9f10-21bd7617fbdf loc=task_instances.py:259 rows_affected=1 ti_id=01a03dd7-4355-7d18-8875-c2e299db9b5b
2026-08-26T11:35:18.798840Z [info     ] Updating RenderedTaskInstanceFields [airflow.api_fastapi.execution_api.routes.task_instances] correlation_id=01a03dda-680c-7fe9-98c8-b693db62146a field_count=3 loc=task_instances.py:1016 ti_id=01a03dd7-4355-7d18-8875-c2e299db9b5b
2026-08-26T11:35:18.800794Z [info     ] ::endgroup::                   [task] loc=task_runner.py:2232
26/08/26 20:35:20 WARN Utils: Your hostname, JeongYun.local resolves to a loopback address: 127.0.0.1; using 192.168.1.216 instead (on interface en0)
26/08/26 20:35:20 WARN Utils: Set SPARK_LOCAL_IP if you need to bind to another address
Setting default log level to "WARN".
To adjust logging level use sc.setLogLevel(newLevel). For SparkR, use setLogLevel(newLevel).
26/08/26 20:35:20 WARN NativeCodeLoader: Unable to load native-hadoop library for your platform... using builtin-java classes where applicable
[Stage 12:>                                                         (0 + 1) / 1]                                                                                before=20 after=20 saved_to=/Users/macbook/dev/career/job-posting-standardization/data/golden-set/public-it-postings-canonical/dt=2026-08-25 run_date=2026-08-25
2026-08-26T11:35:25.945180Z [info     ] Done. Returned value was: None [airflow.task.operators.airflow.providers.standard.decorators.python._PythonDecoratedOperator] loc=python.py:233
2026-08-26T11:35:25.945697Z [info     ] ::group::Post Execute          [task] loc=task_runner.py:1580
2026-08-26T11:35:25.956356Z [info     ] Task instance state updated    [airflow.api_fastapi.execution_api.routes.task_instances] correlation_id=01a03dda-83fc-7b5c-8005-571bc14b1ea0 loc=task_instances.py:484 new_state=success rows_affected=1 ti_id=01a03dd7-4355-7d18-8875-c2e299db9b5b
2026-08-26T11:35:25.958064Z [info     ] ::endgroup::                   [task] loc=task_runner.py:2379
2026-08-26T11:35:25.961145Z [info     ] [DAG TEST] end task task_id=normalize map_index=-1 [airflow.sdk.definitions.dag] loc=dag.py:1563
2026-08-26T11:35:25.962137Z [info     ] Marking run <DagRun collect_public_postings @ 2026-08-25 00:00:00+00:00: manual__2026-08-26T11:31:52.766197+00:00, state:running, queued_at: None. run_type: manual> successful [airflow.models.dagrun.DagRun] loc=dagrun.py:1249
2026-08-26T11:35:25.962436Z [info     ] DagRun Finished: dag_id=collect_public_postings, logical_date=2026-08-25 00:00:00+00:00, run_id=manual__2026-08-26T11:31:52.766197+00:00, run_start_date=2026-08-25 00:00:00+00:00, run_end_date=2026-08-26 11:35:25.962188+00:00, run_duration=128125.962188, state=success, run_type=manual, data_interval_start=2026-08-25 00:00:00+00:00, data_interval_end=2026-08-25 00:00:00+00:00, [airflow.models.dagrun.DagRun] loc=dagrun.py:1315
2026-08-26T11:35:25.967177Z [info     ] Closing down clientserver connection [py4j.clientserver] loc=clientserver.py:543

[exited with code 0]
