2026-08-26T11:35:40.702663Z [warning  ] Could not import graphviz. Rendering graph to the graphical format will not be possible. 
You might need to install the graphviz package and necessary system packages.
Run `pip install graphviz` to attempt to install it. [py.warnings] category=UserWarning filename=/Users/macbook/dev/career/job-posting-standardization/.venv-airflow/lib/python3.13/site-packages/airflow/cli/commands/dag_command.py lineno=57
2026-08-26T11:35:40.806123Z [info     ] DAG bundles loaded: dags-folder [airflow.dag_processing.bundles.manager.DagBundlesManager] loc=manager.py:304
2026-08-26T11:35:40.808148Z [info     ] Filling up the DagBag from /Users/macbook/dev/career/job-posting-standardization/dags [airflow.dag_processing.dagbag.BundleDagBag] loc=dagbag.py:460
2026-08-26T11:35:40.824667Z [info     ] Bulk-writing dags to db        [airflow.serialization.definitions.dag] count=1 loc=dag.py:210
2026-08-26T11:35:40.832973Z [info     ] get next_dagrun_info_v2        [airflow.serialization.definitions.dag] last_automated_run_info=None loc=dag.py:445 next_info=DagRunInfo(run_after=DateTime(2026, 8, 26, 0, 0, 0, tzinfo=Timezone('UTC')), data_interval=DataInterval(start=DateTime(2026, 8, 26, 0, 0, 0, tzinfo=Timezone('UTC')), end=DateTime(2026, 8, 26, 0, 0, 0, tzinfo=Timezone('UTC'))), partition_date=None, partition_key=None)
2026-08-26T11:35:40.833058Z [info     ] setting next dagrun info       [airflow.models.dag] loc=dag.py:848 next_dagrun='2026-08-26 00:00:00+00:00' next_dagrun_create_after='2026-08-26 00:00:00+00:00' next_dagrun_data_interval_end='2026-08-26 00:00:00+00:00' next_dagrun_data_interval_start='2026-08-26 00:00:00+00:00' next_dagrun_partition_date=None next_dagrun_partition_key=None
2026-08-26T11:35:40.849335Z [info     ] DAG bundles loaded: dags-folder [airflow.dag_processing.bundles.manager.DagBundlesManager] loc=manager.py:304
2026-08-26T11:35:40.850530Z [info     ] Filling up the DagBag from /Users/macbook/dev/career/job-posting-standardization/dags [airflow.dag_processing.dagbag.BundleDagBag] loc=dagbag.py:460
2026-08-26T11:35:40.854319Z [info     ] Bulk-writing dags to db        [airflow.serialization.definitions.dag] count=1 loc=dag.py:210
2026-08-26T11:35:40.856925Z [info     ] get next_dagrun_info_v2        [airflow.serialization.definitions.dag] last_automated_run_info=None loc=dag.py:445 next_info=DagRunInfo(run_after=DateTime(2026, 8, 26, 0, 0, 0, tzinfo=Timezone('UTC')), data_interval=DataInterval(start=DateTime(2026, 8, 26, 0, 0, 0, tzinfo=Timezone('UTC')), end=DateTime(2026, 8, 26, 0, 0, 0, tzinfo=Timezone('UTC'))), partition_date=None, partition_key=None)
2026-08-26T11:35:40.856991Z [info     ] setting next dagrun info       [airflow.models.dag] loc=dag.py:848 next_dagrun='2026-08-26 00:00:00+00:00' next_dagrun_create_after='2026-08-26 00:00:00+00:00' next_dagrun_data_interval_end='2026-08-26 00:00:00+00:00' next_dagrun_data_interval_start='2026-08-26 00:00:00+00:00' next_dagrun_partition_date=None next_dagrun_partition_key=None
2026-08-26T11:35:40.861622Z [info     ] creating dag run               [airflow.serialization.definitions.dag] loc=dag.py:607 logical_date=DateTime(2026, 8, 26, 0, 0, 0, tzinfo=Timezone('UTC')) partition_key=None run_after=DateTime(2026, 8, 26, 11, 35, 40, 849045, tzinfo=Timezone('UTC')) run_id=manual__2026-08-26T11:35:40.849045+00:00
2026-08-26T11:35:40.886541Z [info     ] Created dag run.               [airflow.models.dagrun] dagrun=<DagRun collect_public_postings @ 2026-08-26 00:00:00+00:00: manual__2026-08-26T11:35:40.849045+00:00, state:running, queued_at: None. run_type: manual> loc=dagrun.py:2464
2026-08-26T11:35:40.892864Z [info     ] [DAG TEST] starting task_id=collect map_index=-1 [airflow.sdk.definitions.dag] loc=dag.py:1501
2026-08-26T11:35:40.892991Z [info     ] [DAG TEST] running task <TaskInstance: collect_public_postings.collect manual__2026-08-26T11:35:40.849045+00:00 [TaskInstanceState.SCHEDULED] ti_id=01a03dda-be45-7728-9ec0-6ada05a48110> [airflow.sdk.definitions.dag] loc=dag.py:1504
2026-08-26T11:35:42.602314Z [info     ] Task started                   [airflow.api_fastapi.execution_api.routes.task_instances] correlation_id=01a03dda-bfd9-72d2-bb0a-74fc8e6002da hostname=jeongyun.local loc=task_instances.py:231 previous_state=queued ti_id=01a03dda-be45-7728-9ec0-6ada05a48110
2026-08-26T11:35:42.603394Z [info     ] Task instance state updated    [airflow.api_fastapi.execution_api.routes.task_instances] correlation_id=01a03dda-bfd9-72d2-bb0a-74fc8e6002da loc=task_instances.py:259 rows_affected=1 ti_id=01a03dda-be45-7728-9ec0-6ada05a48110
2026-08-26T11:35:42.612805Z [info     ] Updating RenderedTaskInstanceFields [airflow.api_fastapi.execution_api.routes.task_instances] correlation_id=01a03dda-c512-7120-bb95-9390411300df field_count=3 loc=task_instances.py:1016 ti_id=01a03dda-be45-7728-9ec0-6ada05a48110
2026-08-26T11:35:42.616632Z [info     ] ::endgroup::                   [task] loc=task_runner.py:2232
wrote 1600 records; companies=8; failures=2; run_date=2026-08-26
2026-08-26T11:39:03.020702Z [info     ] Done. Returned value was: 2026-08-26 [airflow.task.operators.airflow.providers.standard.decorators.python._PythonDecoratedOperator] loc=python.py:233
2026-08-26T11:39:03.020804Z [info     ] ::group::Post Execute          [task] loc=task_runner.py:1580
2026-08-26T11:39:03.020877Z [info     ] Pushing xcom                   [task] loc=task_runner.py:2280 ti=RuntimeTaskInstance(id=UUID('01a03dda-be45-7728-9ec0-6ada05a48110'), task_id='collect', dag_id='collect_public_postings', run_id='manual__2026-08-26T11:35:40.849045+00:00', try_number=1, dag_version_id=UUID('01a03dd7-13d4-706d-8794-5533a0f451a4'), map_index=-1, hostname='jeongyun.local', context_carrier=None, queue='default', task=<Task(_PythonDecoratedOperator): collect>, max_tries=0, start_date=datetime.datetime(2026, 8, 26, 11, 35, 41, 268044, tzinfo=datetime.timezone.utc), end_date=None, state=<TaskInstanceState.RUNNING: 'running'>, is_mapped=False, rendered_map_index=None, sentry_integration='')
2026-08-26T11:39:03.033667Z [info     ] Task instance state updated    [airflow.api_fastapi.execution_api.routes.task_instances] correlation_id=01a03ddd-d3f2-78b3-9d76-c17c3fc4494c loc=task_instances.py:484 new_state=success rows_affected=1 ti_id=01a03dda-be45-7728-9ec0-6ada05a48110
2026-08-26T11:39:03.034909Z [info     ] ::endgroup::                   [task] loc=task_runner.py:2379
2026-08-26T11:39:03.039706Z [info     ] [DAG TEST] end task task_id=collect map_index=-1 [airflow.sdk.definitions.dag] loc=dag.py:1563
2026-08-26T11:39:03.041858Z [info     ] [DAG TEST] starting task_id=normalize map_index=-1 [airflow.sdk.definitions.dag] loc=dag.py:1501
2026-08-26T11:39:03.041971Z [info     ] [DAG TEST] running task <TaskInstance: collect_public_postings.normalize manual__2026-08-26T11:35:40.849045+00:00 [TaskInstanceState.SCHEDULED] ti_id=01a03dda-be46-7636-8b6d-16c3022a88a6> [airflow.sdk.definitions.dag] loc=dag.py:1504
2026-08-26T11:39:03.046304Z [info     ] Task started                   [airflow.api_fastapi.execution_api.routes.task_instances] correlation_id=01a03ddd-d402-75b1-9964-ec060bb2a9a0 hostname=jeongyun.local loc=task_instances.py:231 previous_state=queued ti_id=01a03dda-be46-7636-8b6d-16c3022a88a6
2026-08-26T11:39:03.046657Z [info     ] Task instance state updated    [airflow.api_fastapi.execution_api.routes.task_instances] correlation_id=01a03ddd-d402-75b1-9964-ec060bb2a9a0 loc=task_instances.py:259 rows_affected=1 ti_id=01a03dda-be46-7636-8b6d-16c3022a88a6
2026-08-26T11:39:03.058157Z [info     ] Updating RenderedTaskInstanceFields [airflow.api_fastapi.execution_api.routes.task_instances] correlation_id=01a03ddd-d410-7ef1-9568-77a8d834b4ea field_count=3 loc=task_instances.py:1016 ti_id=01a03dda-be46-7636-8b6d-16c3022a88a6
2026-08-26T11:39:03.060331Z [info     ] ::endgroup::                   [task] loc=task_runner.py:2232
26/08/26 20:39:03 WARN Utils: Your hostname, JeongYun.local resolves to a loopback address: 127.0.0.1; using 192.168.1.216 instead (on interface en0)
26/08/26 20:39:03 WARN Utils: Set SPARK_LOCAL_IP if you need to bind to another address
Setting default log level to "WARN".
To adjust logging level use sc.setLogLevel(newLevel). For SparkR, use setLogLevel(newLevel).
26/08/26 20:39:03 WARN NativeCodeLoader: Unable to load native-hadoop library for your platform... using builtin-java classes where applicable
before=1600 after=1600 saved_to=/Users/macbook/dev/career/job-posting-standardization/data/golden-set/public-it-postings-canonical/dt=2026-08-26 run_date=2026-08-26
2026-08-26T11:39:08.965334Z [info     ] Done. Returned value was: None [airflow.task.operators.airflow.providers.standard.decorators.python._PythonDecoratedOperator] loc=python.py:233
2026-08-26T11:39:08.965832Z [info     ] ::group::Post Execute          [task] loc=task_runner.py:1580
2026-08-26T11:39:08.978719Z [info     ] Task instance state updated    [airflow.api_fastapi.execution_api.routes.task_instances] correlation_id=01a03ddd-eb28-7f5f-b48b-48b70ce27e2f loc=task_instances.py:484 new_state=success rows_affected=1 ti_id=01a03dda-be46-7636-8b6d-16c3022a88a6
2026-08-26T11:39:08.980662Z [info     ] ::endgroup::                   [task] loc=task_runner.py:2379
2026-08-26T11:39:08.983906Z [info     ] [DAG TEST] end task task_id=normalize map_index=-1 [airflow.sdk.definitions.dag] loc=dag.py:1563
2026-08-26T11:39:08.984940Z [info     ] Marking run <DagRun collect_public_postings @ 2026-08-26 00:00:00+00:00: manual__2026-08-26T11:35:40.849045+00:00, state:running, queued_at: None. run_type: manual> successful [airflow.models.dagrun.DagRun] loc=dagrun.py:1249
2026-08-26T11:39:08.985236Z [info     ] DagRun Finished: dag_id=collect_public_postings, logical_date=2026-08-26 00:00:00+00:00, run_id=manual__2026-08-26T11:35:40.849045+00:00, run_start_date=2026-08-26 00:00:00+00:00, run_end_date=2026-08-26 11:39:08.984990+00:00, run_duration=41948.98499, state=success, run_type=manual, data_interval_start=2026-08-26 00:00:00+00:00, data_interval_end=2026-08-26 00:00:00+00:00, [airflow.models.dagrun.DagRun] loc=dagrun.py:1315
2026-08-26T11:39:08.989451Z [info     ] Closing down clientserver connection [py4j.clientserver] loc=clientserver.py:543

[exited with code 0]
